.next/types/app/admin/page.ts(2,24): error TS6142: Module '../../../../app/admin/page.js' was resolved to 'C:/laragon/www/git-limacentro/app/admin/page.tsx', but '--jsx' is not set.
.next/types/app/admin/page.ts(5,29): error TS6142: Module '../../../../app/admin/page.js' was resolved to 'C:/laragon/www/git-limacentro/app/admin/page.tsx', but '--jsx' is not set.
.next/types/app/api/businesses/[id]/route.ts(49,7): error TS2344: Type '{ __tag__: "GET"; __param_position__: "second"; __param_type__: { params: { id: string; }; }; }' does not satisfy the constraint 'ParamCheck<RouteContext>'.
  The types of '__param_type__.params' are incompatible between these types.
    Type '{ id: string; }' is missing the following properties from type 'Promise<any>': then, catch, finally, [Symbol.toStringTag]
.next/types/app/api/businesses/[id]/route.ts(205,7): error TS2344: Type '{ __tag__: "PUT"; __param_position__: "second"; __param_type__: { params: { id: string; }; }; }' does not satisfy the constraint 'ParamCheck<RouteContext>'.
  The types of '__param_type__.params' are incompatible between these types.
    Type '{ id: string; }' is missing the following properties from type 'Promise<any>': then, catch, finally, [Symbol.toStringTag]
.next/types/app/api/businesses/[id]/route.ts(244,7): error TS2344: Type '{ __tag__: "DELETE"; __param_position__: "second"; __param_type__: { params: { id: string; }; }; }' does not satisfy the constraint 'ParamCheck<RouteContext>'.
  The types of '__param_type__.params' are incompatible between these types.
    Type '{ id: string; }' is missing the following properties from type 'Promise<any>': then, catch, finally, [Symbol.toStringTag]
.next/types/app/layout.ts(2,24): error TS6142: Module '../../../app/layout.js' was resolved to 'C:/laragon/www/git-limacentro/app/layout.tsx', but '--jsx' is not set.
.next/types/app/layout.ts(5,29): error TS6142: Module '../../../app/layout.js' was resolved to 'C:/laragon/www/git-limacentro/app/layout.tsx', but '--jsx' is not set.
.next/types/app/page.ts(2,24): error TS6142: Module '../../../app/page.js' was resolved to 'C:/laragon/www/git-limacentro/app/page.tsx', but '--jsx' is not set.
.next/types/app/page.ts(5,29): error TS6142: Module '../../../app/page.js' was resolved to 'C:/laragon/www/git-limacentro/app/page.tsx', but '--jsx' is not set.
.next/types/app/politicas-de-privacidad/page.ts(2,24): error TS6142: Module '../../../../app/politicas-de-privacidad/page.js' was resolved to 'C:/laragon/www/git-limacentro/app/politicas-de-privacidad/page.tsx', but '--jsx' is not set.
.next/types/app/politicas-de-privacidad/page.ts(5,29): error TS6142: Module '../../../../app/politicas-de-privacidad/page.js' was resolved to 'C:/laragon/www/git-limacentro/app/politicas-de-privacidad/page.tsx', but '--jsx' is not set.
.next/types/app/quienes-somos/page.ts(2,24): error TS6142: Module '../../../../app/quienes-somos/page.js' was resolved to 'C:/laragon/www/git-limacentro/app/quienes-somos/page.tsx', but '--jsx' is not set.
.next/types/app/quienes-somos/page.ts(5,29): error TS6142: Module '../../../../app/quienes-somos/page.js' was resolved to 'C:/laragon/www/git-limacentro/app/quienes-somos/page.tsx', but '--jsx' is not set.
.next/types/validator.ts(52,39): error TS6142: Module '../../app/admin/page.js' was resolved to 'C:/laragon/www/git-limacentro/app/admin/page.tsx', but '--jsx' is not set.
.next/types/validator.ts(58,39): error TS6142: Module '../../app/page.js' was resolved to 'C:/laragon/www/git-limacentro/app/page.tsx', but '--jsx' is not set.
.next/types/validator.ts(64,39): error TS6142: Module '../../app/politicas-de-privacidad/page.js' was resolved to 'C:/laragon/www/git-limacentro/app/politicas-de-privacidad/page.tsx', but '--jsx' is not set.
.next/types/validator.ts(70,39): error TS6142: Module '../../app/quienes-somos/page.js' was resolved to 'C:/laragon/www/git-limacentro/app/quienes-somos/page.tsx', but '--jsx' is not set.
.next/types/validator.ts(89,11): error TS1360: Type 'typeof import("C:/laragon/www/git-limacentro/app/api/businesses/[id]/route")' does not satisfy the expected type 'RouteHandlerConfig<"/api/businesses/[id]">'.
  Types of property 'GET' are incompatible.
    Type '(_request: Request, { params }: { params: { id: string; }; }) => Promise<NextResponse<{ id: string; name: string; createdAt: Date; updatedAt: Date; category: string; district: string; address: string; ... 8 more ...; ownerId: string; }> | NextResponse<...>>' is not assignable to type '(request: NextRequest, context: { params: Promise<{ id: string; }>; }) => void | Response | Promise<void | Response>'.
      Types of parameters '__1' and 'context' are incompatible.
        Type '{ params: Promise<{ id: string; }>; }' is not assignable to type '{ params: { id: string; }; }'.
          Types of property 'params' are incompatible.
            Property 'id' is missing in type 'Promise<{ id: string; }>' but required in type '{ id: string; }'.
.next/types/validator.ts(110,39): error TS6142: Module '../../app/layout.js' was resolved to 'C:/laragon/www/git-limacentro/app/layout.tsx', but '--jsx' is not set.
app/admin/page.tsx(68,13): error TS17004: Cannot use JSX unless the '--jsx' flag is provided.
app/admin/page.tsx(69,17): error TS17004: Cannot use JSX unless the '--jsx' flag is provided.
app/admin/page.tsx(75,9): error TS17004: Cannot use JSX unless the '--jsx' flag is provided.
app/admin/page.tsx(76,13): error TS17004: Cannot use JSX unless the '--jsx' flag is provided.
app/admin/page.tsx(77,17): error TS17004: Cannot use JSX unless the '--jsx' flag is provided.
app/admin/page.tsx(79,17): error TS17004: Cannot use JSX unless the '--jsx' flag is provided.
app/admin/page.tsx(80,21): error TS17004: Cannot use JSX unless the '--jsx' flag is provided.
app/admin/page.tsx(81,25): error TS17004: Cannot use JSX unless the '--jsx' flag is provided.
app/admin/page.tsx(85,25): error TS17004: Cannot use JSX unless the '--jsx' flag is provided.
app/admin/page.tsx(89,25): error TS17004: Cannot use JSX unless the '--jsx' flag is provided.
app/admin/page.tsx(91,33): error TS17004: Cannot use JSX unless the '--jsx' flag is provided.
app/admin/page.tsx(92,37): error TS17004: Cannot use JSX unless the '--jsx' flag is provided.
app/admin/page.tsx(93,41): error TS17004: Cannot use JSX unless the '--jsx' flag is provided.
app/admin/page.tsx(100,37): error TS17004: Cannot use JSX unless the '--jsx' flag is provided.
app/admin/page.tsx(101,41): error TS17004: Cannot use JSX unless the '--jsx' flag is provided.
app/admin/page.tsx(102,45): error TS17004: Cannot use JSX unless the '--jsx' flag is provided.
app/admin/page.tsx(103,49): error TS17004: Cannot use JSX unless the '--jsx' flag is provided.
app/admin/page.tsx(106,49): error TS17004: Cannot use JSX unless the '--jsx' flag is provided.
app/admin/page.tsx(108,45): error TS17004: Cannot use JSX unless the '--jsx' flag is provided.
app/admin/page.tsx(109,49): error TS17004: Cannot use JSX unless the '--jsx' flag is provided.
app/admin/page.tsx(110,49): error TS17004: Cannot use JSX unless the '--jsx' flag is provided.
app/admin/page.tsx(114,41): error TS17004: Cannot use JSX unless the '--jsx' flag is provided.
app/admin/page.tsx(116,41): error TS17004: Cannot use JSX unless the '--jsx' flag is provided.
app/admin/page.tsx(117,45): error TS17004: Cannot use JSX unless the '--jsx' flag is provided.
app/admin/page.tsx(118,64): error TS17004: Cannot use JSX unless the '--jsx' flag is provided.
app/admin/page.tsx(121,41): error TS17004: Cannot use JSX unless the '--jsx' flag is provided.
app/admin/page.tsx(122,45): error TS17004: Cannot use JSX unless the '--jsx' flag is provided.
app/admin/page.tsx(126,49): error TS17004: Cannot use JSX unless the '--jsx' flag is provided.
app/admin/page.tsx(128,45): error TS17004: Cannot use JSX unless the '--jsx' flag is provided.
app/admin/page.tsx(132,49): error TS17004: Cannot use JSX unless the '--jsx' flag is provided.
app/api/user/me/route.ts(12,37): error TS2551: Property 'User' does not exist on type 'PrismaClient<PrismaClientOptions, LogLevel, DefaultArgs>'. Did you mean 'user'?
app/layout.tsx(5,31): error TS6142: Module '../components/StackAuthProvider' was resolved to 'C:/laragon/www/git-limacentro/components/StackAuthProvider.tsx', but '--jsx' is not set.
app/layout.tsx(7,36): error TS6142: Module '../components/OnlineUsersCounter' was resolved to 'C:/laragon/www/git-limacentro/components/OnlineUsersCounter.tsx', but '--jsx' is not set.
app/layout.tsx(29,9): error TS17004: Cannot use JSX unless the '--jsx' flag is provided.
app/layout.tsx(30,13): error TS17004: Cannot use JSX unless the '--jsx' flag is provided.
app/layout.tsx(31,17): error TS17004: Cannot use JSX unless the '--jsx' flag is provided.
app/layout.tsx(35,17): error TS17004: Cannot use JSX unless the '--jsx' flag is provided.
app/layout.tsx(44,17): error TS17004: Cannot use JSX unless the '--jsx' flag is provided.
app/layout.tsx(46,21): error TS17004: Cannot use JSX unless the '--jsx' flag is provided.
app/page.tsx(9,30): error TS6142: Module '../components/BusinessCard' was resolved to 'C:/laragon/www/git-limacentro/components/BusinessCard.tsx', but '--jsx' is not set.
app/page.tsx(10,30): error TS6142: Module '../components/BusinessForm' was resolved to 'C:/laragon/www/git-limacentro/components/BusinessForm.tsx', but '--jsx' is not set.
app/page.tsx(11,36): error TS6142: Module '../components/BusinessDetailView' was resolved to 'C:/laragon/www/git-limacentro/components/BusinessDetailView.tsx', but '--jsx' is not set.
app/page.tsx(12,24): error TS6142: Module '../components/Footer' was resolved to 'C:/laragon/www/git-limacentro/components/Footer.tsx', but '--jsx' is not set.
app/page.tsx(16,43): error TS6142: Module '../components/MapComponent' was resolved to 'C:/laragon/www/git-limacentro/components/MapComponent.tsx', but '--jsx' is not set.
app/page.tsx(19,9): error TS17004: Cannot use JSX unless the '--jsx' flag is provided.
app/page.tsx(20,13): error TS17004: Cannot use JSX unless the '--jsx' flag is provided.
app/page.tsx(21,17): error TS17004: Cannot use JSX unless the '--jsx' flag is provided.
app/page.tsx(22,17): error TS17004: Cannot use JSX unless the '--jsx' flag is provided.
app/page.tsx(127,9): error TS17004: Cannot use JSX unless the '--jsx' flag is provided.
app/page.tsx(130,13): error TS17004: Cannot use JSX unless the '--jsx' flag is provided.
app/page.tsx(131,17): error TS17004: Cannot use JSX unless the '--jsx' flag is provided.
app/page.tsx(139,17): error TS17004: Cannot use JSX unless the '--jsx' flag is provided.
app/page.tsx(143,42): error TS17004: Cannot use JSX unless the '--jsx' flag is provided.
app/page.tsx(143,76): error TS17004: Cannot use JSX unless the '--jsx' flag is provided.
app/page.tsx(148,13): error TS17004: Cannot use JSX unless the '--jsx' flag is provided.
app/page.tsx(156,17): error TS17004: Cannot use JSX unless the '--jsx' flag is provided.
app/page.tsx(157,21): error TS17004: Cannot use JSX unless the '--jsx' flag is provided.
app/page.tsx(158,25): error TS17004: Cannot use JSX unless the '--jsx' flag is provided.
app/page.tsx(163,17): error TS17004: Cannot use JSX unless the '--jsx' flag is provided.
app/page.tsx(167,25): error TS17004: Cannot use JSX unless the '--jsx' flag is provided.
app/page.tsx(174,25): error TS17004: Cannot use JSX unless the '--jsx' flag is provided.
app/page.tsx(177,29): error TS17004: Cannot use JSX unless the '--jsx' flag is provided.
app/page.tsx(179,33): error TS17004: Cannot use JSX unless the '--jsx' flag is provided.
app/page.tsx(181,41): error TS17004: Cannot use JSX unless the '--jsx' flag is provided.
app/page.tsx(182,45): error TS17004: Cannot use JSX unless the '--jsx' flag is provided.
app/page.tsx(183,45): error TS17004: Cannot use JSX unless the '--jsx' flag is provided.
app/page.tsx(184,45): error TS17004: Cannot use JSX unless the '--jsx' flag is provided.
app/page.tsx(185,49): error TS17004: Cannot use JSX unless the '--jsx' flag is provided.
app/page.tsx(189,41): error TS17004: Cannot use JSX unless the '--jsx' flag is provided.
app/page.tsx(190,45): error TS17004: Cannot use JSX unless the '--jsx' flag is provided.
app/page.tsx(194,49): error TS17004: Cannot use JSX unless the '--jsx' flag is provided.
app/page.tsx(195,53): error TS17004: Cannot use JSX unless the '--jsx' flag is provided.
app/page.tsx(196,53): error TS17004: Cannot use JSX unless the '--jsx' flag is provided.
app/page.tsx(197,53): error TS17004: Cannot use JSX unless the '--jsx' flag is provided.
app/page.tsx(198,53): error TS17004: Cannot use JSX unless the '--jsx' flag is provided.
app/page.tsx(208,37): error TS17004: Cannot use JSX unless the '--jsx' flag is provided.
app/page.tsx(209,41): error TS17004: Cannot use JSX unless the '--jsx' flag is provided.
app/page.tsx(228,33): error TS17004: Cannot use JSX unless the '--jsx' flag is provided.
app/page.tsx(229,37): error TS17004: Cannot use JSX unless the '--jsx' flag is provided.
app/page.tsx(230,41): error TS17004: Cannot use JSX unless the '--jsx' flag is provided.
app/page.tsx(231,41): error TS17004: Cannot use JSX unless the '--jsx' flag is provided.
app/page.tsx(239,37): error TS17004: Cannot use JSX unless the '--jsx' flag is provided.
app/page.tsx(243,41): error TS17004: Cannot use JSX unless the '--jsx' flag is provided.
app/page.tsx(250,33): error TS17004: Cannot use JSX unless the '--jsx' flag is provided.
app/page.tsx(251,37): error TS17004: Cannot use JSX unless the '--jsx' flag is provided.
app/page.tsx(252,41): error TS17004: Cannot use JSX unless the '--jsx' flag is provided.
app/page.tsx(253,41): error TS17004: Cannot use JSX unless the '--jsx' flag is provided.
app/page.tsx(254,45): error TS17004: Cannot use JSX unless the '--jsx' flag is provided.
app/page.tsx(257,37): error TS17004: Cannot use JSX unless the '--jsx' flag is provided.
app/page.tsx(258,41): error TS17004: Cannot use JSX unless the '--jsx' flag is provided.
app/page.tsx(259,45): error TS17004: Cannot use JSX unless the '--jsx' flag is provided.
app/page.tsx(260,45): error TS17004: Cannot use JSX unless the '--jsx' flag is provided.
app/page.tsx(265,49): error TS17004: Cannot use JSX unless the '--jsx' flag is provided.
app/page.tsx(266,74): error TS17004: Cannot use JSX unless the '--jsx' flag is provided.
app/page.tsx(270,41): error TS17004: Cannot use JSX unless the '--jsx' flag is provided.
app/page.tsx(271,45): error TS17004: Cannot use JSX unless the '--jsx' flag is provided.
app/page.tsx(272,45): error TS17004: Cannot use JSX unless the '--jsx' flag is provided.
app/page.tsx(277,49): error TS17004: Cannot use JSX unless the '--jsx' flag is provided.
app/page.tsx(278,70): error TS17004: Cannot use JSX unless the '--jsx' flag is provided.
app/page.tsx(283,45): error TS17004: Cannot use JSX unless the '--jsx' flag is provided.
app/page.tsx(296,33): error TS17004: Cannot use JSX unless the '--jsx' flag is provided.
app/page.tsx(297,37): error TS17004: Cannot use JSX unless the '--jsx' flag is provided.
app/page.tsx(298,37): error TS17004: Cannot use JSX unless the '--jsx' flag is provided.
app/page.tsx(302,41): error TS17004: Cannot use JSX unless the '--jsx' flag is provided.
app/page.tsx(309,29): error TS17004: Cannot use JSX unless the '--jsx' flag is provided.
app/page.tsx(311,37): error TS17004: Cannot use JSX unless the '--jsx' flag is provided.
app/page.tsx(312,41): error TS17004: Cannot use JSX unless the '--jsx' flag is provided.
app/page.tsx(315,37): error TS17004: Cannot use JSX unless the '--jsx' flag is provided.
app/page.tsx(316,41): error TS17004: Cannot use JSX unless the '--jsx' flag is provided.
app/page.tsx(317,45): error TS17004: Cannot use JSX unless the '--jsx' flag is provided.
app/page.tsx(320,45): error TS17004: Cannot use JSX unless the '--jsx' flag is provided.
app/page.tsx(327,41): error TS17004: Cannot use JSX unless the '--jsx' flag is provided.
app/page.tsx(338,17): error TS17004: Cannot use JSX unless the '--jsx' flag is provided.
app/politicas-de-privacidad/page.tsx(7,9): error TS17004: Cannot use JSX unless the '--jsx' flag is provided.
app/politicas-de-privacidad/page.tsx(9,13): error TS17004: Cannot use JSX unless the '--jsx' flag is provided.
app/politicas-de-privacidad/page.tsx(10,17): error TS17004: Cannot use JSX unless the '--jsx' flag is provided.
app/politicas-de-privacidad/page.tsx(11,21): error TS17004: Cannot use JSX unless the '--jsx' flag is provided.
app/politicas-de-privacidad/page.tsx(12,25): error TS17004: Cannot use JSX unless the '--jsx' flag is provided.
app/politicas-de-privacidad/page.tsx(18,13): error TS17004: Cannot use JSX unless the '--jsx' flag is provided.
app/politicas-de-privacidad/page.tsx(19,17): error TS17004: Cannot use JSX unless the '--jsx' flag is provided.
app/politicas-de-privacidad/page.tsx(20,21): error TS17004: Cannot use JSX unless the '--jsx' flag is provided.
app/politicas-de-privacidad/page.tsx(21,21): error TS17004: Cannot use JSX unless the '--jsx' flag is provided.
app/politicas-de-privacidad/page.tsx(26,17): error TS17004: Cannot use JSX unless the '--jsx' flag is provided.
app/politicas-de-privacidad/page.tsx(27,21): error TS17004: Cannot use JSX unless the '--jsx' flag is provided.
app/politicas-de-privacidad/page.tsx(28,25): error TS17004: Cannot use JSX unless the '--jsx' flag is provided.
app/politicas-de-privacidad/page.tsx(29,29): error TS17004: Cannot use JSX unless the '--jsx' flag is provided.
app/politicas-de-privacidad/page.tsx(32,25): error TS17004: Cannot use JSX unless the '--jsx' flag is provided.
app/politicas-de-privacidad/page.tsx(33,51): error TS17004: Cannot use JSX unless the '--jsx' flag is provided.
app/politicas-de-privacidad/page.tsx(34,29): error TS17004: Cannot use JSX unless the '--jsx' flag is provided.
app/politicas-de-privacidad/page.tsx(39,21): error TS17004: Cannot use JSX unless the '--jsx' flag is provided.
app/politicas-de-privacidad/page.tsx(40,25): error TS17004: Cannot use JSX unless the '--jsx' flag is provided.
app/politicas-de-privacidad/page.tsx(41,29): error TS17004: Cannot use JSX unless the '--jsx' flag is provided.
app/politicas-de-privacidad/page.tsx(44,25): error TS17004: Cannot use JSX unless the '--jsx' flag is provided.
app/politicas-de-privacidad/page.tsx(45,25): error TS17004: Cannot use JSX unless the '--jsx' flag is provided.
app/politicas-de-privacidad/page.tsx(46,29): error TS17004: Cannot use JSX unless the '--jsx' flag is provided.
app/politicas-de-privacidad/page.tsx(46,33): error TS17004: Cannot use JSX unless the '--jsx' flag is provided.
app/politicas-de-privacidad/page.tsx(47,29): error TS17004: Cannot use JSX unless the '--jsx' flag is provided.
app/politicas-de-privacidad/page.tsx(47,33): error TS17004: Cannot use JSX unless the '--jsx' flag is provided.
app/politicas-de-privacidad/page.tsx(48,29): error TS17004: Cannot use JSX unless the '--jsx' flag is provided.
app/politicas-de-privacidad/page.tsx(48,33): error TS17004: Cannot use JSX unless the '--jsx' flag is provided.
app/politicas-de-privacidad/page.tsx(52,21): error TS17004: Cannot use JSX unless the '--jsx' flag is provided.
app/politicas-de-privacidad/page.tsx(53,25): error TS17004: Cannot use JSX unless the '--jsx' flag is provided.
app/politicas-de-privacidad/page.tsx(54,29): error TS17004: Cannot use JSX unless the '--jsx' flag is provided.
app/politicas-de-privacidad/page.tsx(57,25): error TS17004: Cannot use JSX unless the '--jsx' flag is provided.
app/politicas-de-privacidad/page.tsx(58,25): error TS17004: Cannot use JSX unless the '--jsx' flag is provided.
app/politicas-de-privacidad/page.tsx(59,29): error TS17004: Cannot use JSX unless the '--jsx' flag is provided.
app/politicas-de-privacidad/page.tsx(60,29): error TS17004: Cannot use JSX unless the '--jsx' flag is provided.
app/politicas-de-privacidad/page.tsx(61,29): error TS17004: Cannot use JSX unless the '--jsx' flag is provided.
app/politicas-de-privacidad/page.tsx(62,29): error TS17004: Cannot use JSX unless the '--jsx' flag is provided.
app/politicas-de-privacidad/page.tsx(66,21): error TS17004: Cannot use JSX unless the '--jsx' flag is provided.
app/politicas-de-privacidad/page.tsx(67,25): error TS17004: Cannot use JSX unless the '--jsx' flag is provided.
app/politicas-de-privacidad/page.tsx(68,25): error TS17004: Cannot use JSX unless the '--jsx' flag is provided.
app/politicas-de-privacidad/page.tsx(73,21): error TS17004: Cannot use JSX unless the '--jsx' flag is provided.
app/politicas-de-privacidad/page.tsx(74,25): error TS17004: Cannot use JSX unless the '--jsx' flag is provided.
app/politicas-de-privacidad/page.tsx(75,25): error TS17004: Cannot use JSX unless the '--jsx' flag is provided.
app/politicas-de-privacidad/page.tsx(81,21): error TS17004: Cannot use JSX unless the '--jsx' flag is provided.
app/politicas-de-privacidad/page.tsx(82,25): error TS17004: Cannot use JSX unless the '--jsx' flag is provided.
app/politicas-de-privacidad/page.tsx(83,25): error TS17004: Cannot use JSX unless the '--jsx' flag is provided.
app/politicas-de-privacidad/page.tsx(89,21): error TS17004: Cannot use JSX unless the '--jsx' flag is provided.
app/politicas-de-privacidad/page.tsx(90,25): error TS17004: Cannot use JSX unless the '--jsx' flag is provided.
app/politicas-de-privacidad/page.tsx(91,25): error TS17004: Cannot use JSX unless the '--jsx' flag is provided.
app/politicas-de-privacidad/page.tsx(97,21): error TS17004: Cannot use JSX unless the '--jsx' flag is provided.
app/politicas-de-privacidad/page.tsx(98,25): error TS17004: Cannot use JSX unless the '--jsx' flag is provided.
app/quienes-somos/page.tsx(7,9): error TS17004: Cannot use JSX unless the '--jsx' flag is provided.
app/quienes-somos/page.tsx(9,13): error TS17004: Cannot use JSX unless the '--jsx' flag is provided.
app/quienes-somos/page.tsx(10,17): error TS17004: Cannot use JSX unless the '--jsx' flag is provided.
app/quienes-somos/page.tsx(11,21): error TS17004: Cannot use JSX unless the '--jsx' flag is provided.
app/quienes-somos/page.tsx(12,25): error TS17004: Cannot use JSX unless the '--jsx' flag is provided.
app/quienes-somos/page.tsx(18,13): error TS17004: Cannot use JSX unless the '--jsx' flag is provided.
app/quienes-somos/page.tsx(19,17): error TS17004: Cannot use JSX unless the '--jsx' flag is provided.
app/quienes-somos/page.tsx(20,21): error TS17004: Cannot use JSX unless the '--jsx' flag is provided.
app/quienes-somos/page.tsx(21,21): error TS17004: Cannot use JSX unless the '--jsx' flag is provided.
app/quienes-somos/page.tsx(24,17): error TS17004: Cannot use JSX unless the '--jsx' flag is provided.
app/quienes-somos/page.tsx(26,21): error TS17004: Cannot use JSX unless the '--jsx' flag is provided.
app/quienes-somos/page.tsx(27,25): error TS17004: Cannot use JSX unless the '--jsx' flag is provided.
app/quienes-somos/page.tsx(28,29): error TS17004: Cannot use JSX unless the '--jsx' flag is provided.
app/quienes-somos/page.tsx(29,33): error TS17004: Cannot use JSX unless the '--jsx' flag is provided.
app/quienes-somos/page.tsx(31,29): error TS17004: Cannot use JSX unless the '--jsx' flag is provided.
app/quienes-somos/page.tsx(32,29): error TS17004: Cannot use JSX unless the '--jsx' flag is provided.
app/quienes-somos/page.tsx(41,21): error TS17004: Cannot use JSX unless the '--jsx' flag is provided.
app/quienes-somos/page.tsx(42,25): error TS17004: Cannot use JSX unless the '--jsx' flag is provided.
app/quienes-somos/page.tsx(43,29): error TS17004: Cannot use JSX unless the '--jsx' flag is provided.
app/quienes-somos/page.tsx(44,33): error TS17004: Cannot use JSX unless the '--jsx' flag is provided.
app/quienes-somos/page.tsx(46,29): error TS17004: Cannot use JSX unless the '--jsx' flag is provided.
app/quienes-somos/page.tsx(47,29): error TS17004: Cannot use JSX unless the '--jsx' flag is provided.
app/quienes-somos/page.tsx(56,21): error TS17004: Cannot use JSX unless the '--jsx' flag is provided.
app/quienes-somos/page.tsx(57,25): error TS17004: Cannot use JSX unless the '--jsx' flag is provided.
app/quienes-somos/page.tsx(58,25): error TS17004: Cannot use JSX unless the '--jsx' flag is provided.
app/quienes-somos/page.tsx(59,25): error TS17004: Cannot use JSX unless the '--jsx' flag is provided.
components/BusinessCard.tsx(14,5): error TS17004: Cannot use JSX unless the '--jsx' flag is provided.
components/BusinessCard.tsx(22,7): error TS17004: Cannot use JSX unless the '--jsx' flag is provided.
components/BusinessCard.tsx(23,9): error TS17004: Cannot use JSX unless the '--jsx' flag is provided.
components/BusinessCard.tsx(30,7): error TS17004: Cannot use JSX unless the '--jsx' flag is provided.
components/BusinessCard.tsx(31,9): error TS17004: Cannot use JSX unless the '--jsx' flag is provided.
components/BusinessCard.tsx(32,11): error TS17004: Cannot use JSX unless the '--jsx' flag is provided.
components/BusinessCard.tsx(33,13): error TS17004: Cannot use JSX unless the '--jsx' flag is provided.
components/BusinessCard.tsx(36,13): error TS17004: Cannot use JSX unless the '--jsx' flag is provided.
components/BusinessCard.tsx(40,9): error TS17004: Cannot use JSX unless the '--jsx' flag is provided.
components/BusinessCard.tsx(41,11): error TS17004: Cannot use JSX unless the '--jsx' flag is provided.
components/BusinessCard.tsx(42,11): error TS17004: Cannot use JSX unless the '--jsx' flag is provided.
components/BusinessCard.tsx(45,9): error TS17004: Cannot use JSX unless the '--jsx' flag is provided.
components/BusinessCard.tsx(50,15): error TS17004: Cannot use JSX unless the '--jsx' flag is provided.
components/BusinessCard.tsx(51,17): error TS17004: Cannot use JSX unless the '--jsx' flag is provided.
components/BusinessCard.tsx(52,17): error TS17004: Cannot use JSX unless the '--jsx' flag is provided.
components/BusinessDetailView.tsx(13,9): error TS17004: Cannot use JSX unless the '--jsx' flag is provided.
components/BusinessDetailView.tsx(19,13): error TS17004: Cannot use JSX unless the '--jsx' flag is provided.
components/BusinessDetailView.tsx(22,17): error TS17004: Cannot use JSX unless the '--jsx' flag is provided.
components/BusinessDetailView.tsx(25,17): error TS17004: Cannot use JSX unless the '--jsx' flag is provided.
components/BusinessDetailView.tsx(36,21): error TS17004: Cannot use JSX unless the '--jsx' flag is provided.
components/BusinessDetailView.tsx(37,25): error TS17004: Cannot use JSX unless the '--jsx' flag is provided.
components/BusinessDetailView.tsx(42,25): error TS17004: Cannot use JSX unless the '--jsx' flag is provided.
components/BusinessDetailView.tsx(46,29): error TS17004: Cannot use JSX unless the '--jsx' flag is provided.
components/BusinessDetailView.tsx(48,25): error TS17004: Cannot use JSX unless the '--jsx' flag is provided.
components/BusinessDetailView.tsx(54,21): error TS17004: Cannot use JSX unless the '--jsx' flag is provided.
components/BusinessDetailView.tsx(55,25): error TS17004: Cannot use JSX unless the '--jsx' flag is provided.
components/BusinessDetailView.tsx(56,29): error TS17004: Cannot use JSX unless the '--jsx' flag is provided.
components/BusinessDetailView.tsx(57,29): error TS17004: Cannot use JSX unless the '--jsx' flag is provided.
components/BusinessDetailView.tsx(59,37): error TS17004: Cannot use JSX unless the '--jsx' flag is provided.
components/BusinessDetailView.tsx(72,25): error TS17004: Cannot use JSX unless the '--jsx' flag is provided.
components/BusinessDetailView.tsx(73,29): error TS17004: Cannot use JSX unless the '--jsx' flag is provided.
components/BusinessDetailView.tsx(74,29): error TS17004: Cannot use JSX unless the '--jsx' flag is provided.
components/BusinessDetailView.tsx(77,25): error TS17004: Cannot use JSX unless the '--jsx' flag is provided.
components/BusinessDetailView.tsx(82,25): error TS17004: Cannot use JSX unless the '--jsx' flag is provided.
components/BusinessDetailView.tsx(84,33): error TS17004: Cannot use JSX unless the '--jsx' flag is provided.
components/BusinessDetailView.tsx(90,37): error TS17004: Cannot use JSX unless the '--jsx' flag is provided.
components/BusinessDetailView.tsx(95,33): error TS17004: Cannot use JSX unless the '--jsx' flag is provided.
components/BusinessDetailView.tsx(101,37): error TS17004: Cannot use JSX unless the '--jsx' flag is provided.
components/BusinessDetailView.tsx(105,29): error TS17004: Cannot use JSX unless the '--jsx' flag is provided.
components/BusinessDetailView.tsx(111,33): error TS17004: Cannot use JSX unless the '--jsx' flag is provided.
components/BusinessForm.tsx(110,5): error TS17004: Cannot use JSX unless the '--jsx' flag is provided.
components/BusinessForm.tsx(111,7): error TS17004: Cannot use JSX unless the '--jsx' flag is provided.
components/BusinessForm.tsx(112,9): error TS17004: Cannot use JSX unless the '--jsx' flag is provided.
components/BusinessForm.tsx(113,9): error TS17004: Cannot use JSX unless the '--jsx' flag is provided.
components/BusinessForm.tsx(114,11): error TS17004: Cannot use JSX unless the '--jsx' flag is provided.
components/BusinessForm.tsx(119,9): error TS17004: Cannot use JSX unless the '--jsx' flag is provided.
components/BusinessForm.tsx(124,7): error TS17004: Cannot use JSX unless the '--jsx' flag is provided.
components/BusinessForm.tsx(126,9): error TS17004: Cannot use JSX unless the '--jsx' flag is provided.
components/BusinessForm.tsx(127,11): error TS17004: Cannot use JSX unless the '--jsx' flag is provided.
components/BusinessForm.tsx(128,13): error TS17004: Cannot use JSX unless the '--jsx' flag is provided.
components/BusinessForm.tsx(129,13): error TS17004: Cannot use JSX unless the '--jsx' flag is provided.
components/BusinessForm.tsx(140,11): error TS17004: Cannot use JSX unless the '--jsx' flag is provided.
components/BusinessForm.tsx(141,13): error TS17004: Cannot use JSX unless the '--jsx' flag is provided.
components/BusinessForm.tsx(142,15): error TS17004: Cannot use JSX unless the '--jsx' flag is provided.
components/BusinessForm.tsx(143,15): error TS17004: Cannot use JSX unless the '--jsx' flag is provided.
components/BusinessForm.tsx(149,38): error TS17004: Cannot use JSX unless the '--jsx' flag is provided.
components/BusinessForm.tsx(152,13): error TS17004: Cannot use JSX unless the '--jsx' flag is provided.
components/BusinessForm.tsx(153,15): error TS17004: Cannot use JSX unless the '--jsx' flag is provided.
components/BusinessForm.tsx(154,15): error TS17004: Cannot use JSX unless the '--jsx' flag is provided.
components/BusinessForm.tsx(160,42): error TS17004: Cannot use JSX unless the '--jsx' flag is provided.
components/BusinessForm.tsx(166,11): error TS17004: Cannot use JSX unless the '--jsx' flag is provided.
components/BusinessForm.tsx(167,13): error TS17004: Cannot use JSX unless the '--jsx' flag is provided.
components/BusinessForm.tsx(168,13): error TS17004: Cannot use JSX unless the '--jsx' flag is provided.
components/BusinessForm.tsx(170,17): error TS17004: Cannot use JSX unless the '--jsx' flag is provided.
components/BusinessForm.tsx(191,9): error TS17004: Cannot use JSX unless the '--jsx' flag is provided.
components/BusinessForm.tsx(192,11): error TS17004: Cannot use JSX unless the '--jsx' flag is provided.
components/BusinessForm.tsx(193,13): error TS17004: Cannot use JSX unless the '--jsx' flag is provided.
components/BusinessForm.tsx(195,11): error TS17004: Cannot use JSX unless the '--jsx' flag is provided.
components/BusinessForm.tsx(196,13): error TS17004: Cannot use JSX unless the '--jsx' flag is provided.
components/BusinessForm.tsx(197,15): error TS17004: Cannot use JSX unless the '--jsx' flag is provided.
components/BusinessForm.tsx(198,15): error TS17004: Cannot use JSX unless the '--jsx' flag is provided.
components/BusinessForm.tsx(199,17): error TS17004: Cannot use JSX unless the '--jsx' flag is provided.
components/BusinessForm.tsx(208,17): error TS17004: Cannot use JSX unless the '--jsx' flag is provided.
components/BusinessForm.tsx(214,33): error TS17004: Cannot use JSX unless the '--jsx' flag is provided.
components/BusinessForm.tsx(219,15): error TS17004: Cannot use JSX unless the '--jsx' flag is provided.
components/BusinessForm.tsx(227,9): error TS17004: Cannot use JSX unless the '--jsx' flag is provided.
components/BusinessForm.tsx(228,11): error TS17004: Cannot use JSX unless the '--jsx' flag is provided.
components/BusinessForm.tsx(229,13): error TS17004: Cannot use JSX unless the '--jsx' flag is provided.
components/BusinessForm.tsx(230,13): error TS17004: Cannot use JSX unless the '--jsx' flag is provided.
components/BusinessForm.tsx(236,28): error TS17004: Cannot use JSX unless the '--jsx' flag is provided.
components/BusinessForm.tsx(236,80): error TS17004: Cannot use JSX unless the '--jsx' flag is provided.
components/BusinessForm.tsx(240,11): error TS17004: Cannot use JSX unless the '--jsx' flag is provided.
components/BusinessForm.tsx(251,9): error TS17004: Cannot use JSX unless the '--jsx' flag is provided.
components/BusinessForm.tsx(252,11): error TS17004: Cannot use JSX unless the '--jsx' flag is provided.
components/BusinessForm.tsx(253,13): error TS17004: Cannot use JSX unless the '--jsx' flag is provided.
components/BusinessForm.tsx(254,13): error TS17004: Cannot use JSX unless the '--jsx' flag is provided.
components/BusinessForm.tsx(262,11): error TS17004: Cannot use JSX unless the '--jsx' flag is provided.
components/BusinessForm.tsx(263,13): error TS17004: Cannot use JSX unless the '--jsx' flag is provided.
components/BusinessForm.tsx(264,13): error TS17004: Cannot use JSX unless the '--jsx' flag is provided.
components/BusinessForm.tsx(275,9): error TS17004: Cannot use JSX unless the '--jsx' flag is provided.
components/BusinessForm.tsx(276,11): error TS17004: Cannot use JSX unless the '--jsx' flag is provided.
components/BusinessForm.tsx(283,11): error TS17004: Cannot use JSX unless the '--jsx' flag is provided.
components/BusinessForm.tsx(287,13): error TS17004: Cannot use JSX unless the '--jsx' flag is provided.
components/Footer.tsx(7,9): error TS17004: Cannot use JSX unless the '--jsx' flag is provided.
components/Footer.tsx(8,13): error TS17004: Cannot use JSX unless the '--jsx' flag is provided.
components/Footer.tsx(9,17): error TS17004: Cannot use JSX unless the '--jsx' flag is provided.
components/Footer.tsx(10,17): error TS17004: Cannot use JSX unless the '--jsx' flag is provided.
components/Footer.tsx(11,17): error TS17004: Cannot use JSX unless the '--jsx' flag is provided.
components/Footer.tsx(14,13): error TS17004: Cannot use JSX unless the '--jsx' flag is provided.
components/Footer.tsx(15,17): error TS17004: Cannot use JSX unless the '--jsx' flag is provided.
components/Footer.tsx(21,17): error TS17004: Cannot use JSX unless the '--jsx' flag is provided.
components/Footer.tsx(22,17): error TS17004: Cannot use JSX unless the '--jsx' flag is provided.
components/Footer.tsx(30,13): error TS17004: Cannot use JSX unless the '--jsx' flag is provided.
components/MapComponent.tsx(56,9): error TS17004: Cannot use JSX unless the '--jsx' flag is provided.
components/MapComponent.tsx(63,13): error TS17004: Cannot use JSX unless the '--jsx' flag is provided.
components/MapComponent.tsx(69,13): error TS17004: Cannot use JSX unless the '--jsx' flag is provided.
components/MapComponent.tsx(70,13): error TS17004: Cannot use JSX unless the '--jsx' flag is provided.
components/MapComponent.tsx(73,17): error TS17004: Cannot use JSX unless the '--jsx' flag is provided.
components/OnlineUsersCounter.tsx(54,9): error TS17004: Cannot use JSX unless the '--jsx' flag is provided.
components/OnlineUsersCounter.tsx(55,13): error TS17004: Cannot use JSX unless the '--jsx' flag is provided.
components/OnlineUsersCounter.tsx(56,17): error TS17004: Cannot use JSX unless the '--jsx' flag is provided.
components/OnlineUsersCounter.tsx(57,17): error TS17004: Cannot use JSX unless the '--jsx' flag is provided.
components/OnlineUsersCounter.tsx(59,13): error TS17004: Cannot use JSX unless the '--jsx' flag is provided.
components/OnlineUsersCounter.tsx(60,13): error TS17004: Cannot use JSX unless the '--jsx' flag is provided.
components/StackAuthProvider.tsx(7,9): error TS17004: Cannot use JSX unless the '--jsx' flag is provided.
components/StackAuthProvider.tsx(8,13): error TS2322: Type '{ projectId: string; }' is not assignable to type 'StackServerApp<true, string> | StackClientApp<true, string> | StackAdminApp<true, string>'.
  Type '{ projectId: string; }' is not assignable to type 'StackAdminApp<true, string>'.
    Property 'getProject' is missing in type '{ projectId: string; }' but required in type '{ getProject: () => Promise<AdminProject>; }'.
